▲ Next.js 16.3.3 (Turbopack)
✓ Running next.config.ts took 48ms
- Experiments (use with caution):
  · optimizePackageImports

  Creating an optimized production build ...
✓ Compiled successfully in 6.5s
  Running TypeScript ...
  Finished TypeScript in 2.4s ...
  Collecting page data using 7 workers ...
  Generating static pages using 7 workers (0/7) ...
  Generating static pages using 7 workers (1/7) 
  Generating static pages using 7 workers (3/7) 
  Generating static pages using 7 workers (5/7) 
✓ Generating static pages using 7 workers (7/7) in 243ms
  Finalizing page optimization ...

Route (app)
┌ ○ /
├ ○ /_not-found
├ ○ /manifest.webmanifest
├ ○ /robots.txt
└ ○ /sitemap.xml


○  (Static)  prerendered as static content

